[debug] [2026-04-07T15:32:47.452Z] ----------------------------------------------------------------------
[debug] [2026-04-07T15:32:47.455Z] Command:       C:\Program Files\nodejs\node.exe C:\Users\User\AppData\Roaming\npm\node_modules\firebase-tools\lib\bin\firebase.js deploy
[debug] [2026-04-07T15:32:47.455Z] CLI Version:   15.12.0
[debug] [2026-04-07T15:32:47.455Z] Platform:      win32
[debug] [2026-04-07T15:32:47.455Z] Node Version:  v24.14.1
[debug] [2026-04-07T15:32:47.455Z] Time:          Tue Apr 07 2026 12:32:47 GMT-0300 (Horário Padrão de Brasília)
[debug] [2026-04-07T15:32:47.456Z] ----------------------------------------------------------------------
[debug] 
[debug] [2026-04-07T15:32:47.458Z] >>> [apiv2][query] GET https://firebase-public.firebaseio.com/cli.json [none]
[debug] [2026-04-07T15:32:54.506Z] > command requires scopes: ["email","openid","https://www.googleapis.com/auth/cloudplatformprojects.readonly","https://www.googleapis.com/auth/firebase","https://www.googleapis.com/auth/cloud-platform"]
[debug] [2026-04-07T15:32:54.506Z] > authorizing via signed-in user (visovalu@gmail.com)
[debug] [2026-04-07T15:32:54.506Z] [iam] checking project radar-de-obras for permissions ["firebase.projects.get","firebasehosting.sites.update"]
[debug] [2026-04-07T15:32:54.507Z] Checked if tokens are valid: false, expires at: 1775574388039
[debug] [2026-04-07T15:32:54.507Z] Checked if tokens are valid: false, expires at: 1775574388039
[debug] [2026-04-07T15:32:54.507Z] > refreshing access token with scopes: []
[debug] [2026-04-07T15:32:54.508Z] >>> [apiv2][query] POST https://www.googleapis.com/oauth2/v3/token [none]
[debug] [2026-04-07T15:32:54.508Z] >>> [apiv2][body] POST https://www.googleapis.com/oauth2/v3/token [omitted]
[debug] [2026-04-07T15:32:54.671Z] <<< [apiv2][status] POST https://www.googleapis.com/oauth2/v3/token 200
[debug] [2026-04-07T15:32:54.671Z] <<< [apiv2][body] POST https://www.googleapis.com/oauth2/v3/token [omitted]
[debug] [2026-04-07T15:32:54.715Z] >>> [apiv2][query] POST https://cloudresourcemanager.googleapis.com/v1/projects/radar-de-obras:testIamPermissions [none]
[debug] [2026-04-07T15:32:54.716Z] >>> [apiv2][(partial)header] POST https://cloudresourcemanager.googleapis.com/v1/projects/radar-de-obras:testIamPermissions  x-goog-user-project=radar-de-obras
[debug] [2026-04-07T15:32:54.716Z] >>> [apiv2][body] POST https://cloudresourcemanager.googleapis.com/v1/projects/radar-de-obras:testIamPermissions {"permissions":["firebase.projects.get","firebasehosting.sites.update"]}
[debug] [2026-04-07T15:32:54.812Z] <<< [apiv2][status] GET https://firebase-public.firebaseio.com/cli.json 200
[debug] [2026-04-07T15:32:54.812Z] <<< [apiv2][body] GET https://firebase-public.firebaseio.com/cli.json {"cloudBuildErrorAfter":1594252800000,"cloudBuildWarnAfter":1590019200000,"defaultNode10After":1594252800000,"minVersion":"3.0.5","node8DeploysDisabledAfter":1613390400000,"node8RuntimeDisabledAfter":1615809600000,"node8WarnAfter":1600128000000}
[debug] [2026-04-07T15:32:55.615Z] <<< [apiv2][status] POST https://cloudresourcemanager.googleapis.com/v1/projects/radar-de-obras:testIamPermissions 200
[debug] [2026-04-07T15:32:55.615Z] <<< [apiv2][body] POST https://cloudresourcemanager.googleapis.com/v1/projects/radar-de-obras:testIamPermissions {"permissions":["firebase.projects.get","firebasehosting.sites.update"]}
[debug] [2026-04-07T15:32:55.617Z] Checked if tokens are valid: true, expires at: 1775579573671
[debug] [2026-04-07T15:32:55.618Z] Checked if tokens are valid: true, expires at: 1775579573671
[debug] [2026-04-07T15:32:55.619Z] >>> [apiv2][query] GET https://firebase.googleapis.com/v1beta1/projects/radar-de-obras [none]
[debug] [2026-04-07T15:32:56.033Z] <<< [apiv2][status] GET https://firebase.googleapis.com/v1beta1/projects/radar-de-obras 200
[debug] [2026-04-07T15:32:56.034Z] <<< [apiv2][body] GET https://firebase.googleapis.com/v1beta1/projects/radar-de-obras {"projectId":"radar-de-obras","projectNumber":"1027098254048","displayName":"Radar de Obras","name":"projects/radar-de-obras","resources":{"hostingSite":"radar-de-obras"},"state":"ACTIVE","etag":"1_4034d2dd-6e94-4a0e-98c3-c50c73459446"}
[debug] [2026-04-07T15:33:00.482Z] defaultcredentials: writing to file C:\Users\User\AppData\Roaming\firebase\visovalu_gmail_com_application_default_credentials.json
[debug] [2026-04-07T15:33:00.484Z] Checked if tokens are valid: true, expires at: 1775579573671
[debug] [2026-04-07T15:33:00.484Z] Checked if tokens are valid: true, expires at: 1775579573671
[debug] [2026-04-07T15:33:00.484Z] >>> [apiv2][query] GET https://firebasehosting.googleapis.com/v1beta1/projects/radar-de-obras/sites pageToken=&pageSize=10
[debug] [2026-04-07T15:33:01.918Z] <<< [apiv2][status] GET https://firebasehosting.googleapis.com/v1beta1/projects/radar-de-obras/sites 200
[debug] [2026-04-07T15:33:01.918Z] <<< [apiv2][body] GET https://firebasehosting.googleapis.com/v1beta1/projects/radar-de-obras/sites {"sites":[{"name":"projects/radar-de-obras/sites/radar-de-obras","defaultUrl":"https://radar-de-obras.web.app","appId":"1:1027098254048:web:06e76dfdd3e89d9ffcce85","type":"DEFAULT_SITE"}]}
[debug] [2026-04-07T15:33:01.919Z] Checked if tokens are valid: true, expires at: 1775579573671
[debug] [2026-04-07T15:33:01.919Z] Checked if tokens are valid: true, expires at: 1775579573671
[debug] [2026-04-07T15:33:01.920Z] >>> [apiv2][query] GET https://firebase.googleapis.com/v1beta1/projects/-/webApps/1:1027098254048:web:06e76dfdd3e89d9ffcce85/config [none]
[debug] [2026-04-07T15:33:03.179Z] <<< [apiv2][status] GET https://firebase.googleapis.com/v1beta1/projects/-/webApps/1:1027098254048:web:06e76dfdd3e89d9ffcce85/config 200
[debug] [2026-04-07T15:33:03.179Z] <<< [apiv2][body] GET https://firebase.googleapis.com/v1beta1/projects/-/webApps/1:1027098254048:web:06e76dfdd3e89d9ffcce85/config {"projectId":"radar-de-obras","appId":"1:1027098254048:web:06e76dfdd3e89d9ffcce85","storageBucket":"radar-de-obras.firebasestorage.app","apiKey":"AIzaSyA-vAfWKcFbubd8T0-qCQTo7sZjiRiHEcI","authDomain":"radar-de-obras.firebaseapp.com","messagingSenderId":"1027098254048","measurementId":"G-6KJ78P7ZC7","projectNumber":"1027098254048","version":"2"}
[info] 
   Thank you for trying our early preview of Next.js support on Firebase Hosting.
   During the preview, support is best-effort and breaking changes can be expected. Proceed with caution.
   The integration is known to work with Next.js version 12 - 15.0. You may encounter errors.

   Documentation: https://firebase.google.com/docs/hosting/frameworks/nextjs
   File a bug: https://github.com/firebase/firebase-tools/issues/new?template=bug_report.md
   Submit a feature request: https://github.com/firebase/firebase-tools/issues/new?template=feature_request.md

   We'd love to learn from you. Express your interest in helping us shape the future of Firebase Hosting: https://goo.gle/41enW5X

[debug] [2026-04-07T15:33:10.105Z] Checked if tokens are valid: true, expires at: 1775579573671
[debug] [2026-04-07T15:33:10.105Z] Checked if tokens are valid: true, expires at: 1775579573671
[debug] [2026-04-07T15:33:10.105Z] >>> [apiv2][query] GET https://firebasehosting.googleapis.com/v1beta1/projects/radar-de-obras/sites/radar-de-obras [none]
[debug] [2026-04-07T15:33:11.274Z] <<< [apiv2][status] GET https://firebasehosting.googleapis.com/v1beta1/projects/radar-de-obras/sites/radar-de-obras 200
[debug] [2026-04-07T15:33:11.274Z] <<< [apiv2][body] GET https://firebasehosting.googleapis.com/v1beta1/projects/radar-de-obras/sites/radar-de-obras {"name":"projects/radar-de-obras/sites/radar-de-obras","defaultUrl":"https://radar-de-obras.web.app","appId":"1:1027098254048:web:06e76dfdd3e89d9ffcce85","type":"DEFAULT_SITE"}
[info] ▲ Next.js 16.2.1 (Turbopack)

[info] - Environments: .env.local, .env.production, .env


[info]   Creating an optimized production build ...

[info] ✓ Compiled successfully in 3.1s

[info]   Running TypeScript ...

[info] Failed to type check.


[info] ./components/LeadDetailsModal.tsx:64:21
Type error: 'lead.lat' is possibly 'null' or 'undefined'.

  62 |             </p>
  63 |             <div className="mt-2 text-xs font-mono text-slate-400">
> 64 |               Lat: {lead.lat.toFixed(4)} | Lng: {lead.lng.toFixed(4)}
     |                     ^
  65 |             </div>
  66 |           </div>
  67 |

[info] Next.js build worker exited with code: 1 and signal: null

[debug] [2026-04-07T15:33:20.294Z] Error: ENOENT: no such file or directory, open 'C:\Projetos\radar-obras-pro\.next\export-marker.json'
[error] 
[error] Error: An unexpected error has occurred.
